<html>
<body>
<pre>
<h1>µVision Build Log</h1>
<h2>Project:</h2>
C:\Users\Mustafa Allam\Documents\GitHub\GPS-Tracking-System_Team-33\blink testing.uvproj
Project File Date:  05/31/2021

<h2>Output:</h2>
Build target 'Target 1'
compiling blink testing.c...
blink testing.c(14): warning:  #1-D: last line of file ends without a newline
  }
blink testing.c: 1 warning, 0 errors
linking...
Program Size: Code=1196 RO-data=652 RW-data=4 ZI-data=612  
".\blink testing.axf" - 0 Error(s), 1 Warning(s).
Load "C:\\Users\\Mustafa Allam\\Documents\\GitHub\\GPS-Tracking-System_Team-33\\blink testing.axf" 
Connecting: Mode=JTAG, Speed=1000000Hz
Erase Done.
Programming Done.
Verify OK.
Error: Flash Download failed  -  Target DLL has been cancelled
Load "C:\\Users\\Mustafa Allam\\Documents\\GitHub\\GPS-Tracking-System_Team-33\\blink testing.axf" 
Internal DLL Error
Error: Flash Download failed  -  Target DLL has been cancelled
